C51 COMPILER V9.60.7.0   ASCENDING_ORDER                                                   07/29/2024 14:47:59 PAGE 1   


C51 COMPILER V9.60.7.0, COMPILATION OF MODULE ASCENDING_ORDER
OBJECT MODULE PLACED IN .\Objects\ascending_order.obj
COMPILER INVOKED BY: C:\Games\Keil_V5\C51\BIN\C51.EXE Programs\29.7.24\ascending_order.c OPTIMIZE(8,SPEED) BROWSE DEBUG 
                    -OBJECTEXTEND PRINT(.\Listings\ascending_order.lst) TABS(2) OBJECT(.\Objects\ascending_order.obj)

line level    source

   1          #include<reg51.h>
   2          void main(){
   3   1        unsigned long array[] = { 0x53545535, 0x34255555, 0x124582832,  0xf3245344, 0x65421232};
   4   1        unsigned long temp, i, j;
   5   1        for( i = 0; i < 5; i++){
   6   2          for(j = 0; j < 5; j++){
   7   3            if(array[j] > array[j+1]){
   8   4              temp = array[j];
   9   4              array[j] = array[j+1];
  10   4              array[j+1] = temp;
  11   4            }
  12   3          }
  13   2        }
  14   1      }


MODULE INFORMATION:   STATIC OVERLAYABLE
   CODE SIZE        =    222    ----
   CONSTANT SIZE    =     20    ----
   XDATA SIZE       =   ----    ----
   PDATA SIZE       =   ----    ----
   DATA SIZE        =   ----      32
   IDATA SIZE       =   ----    ----
   BIT SIZE         =   ----    ----
END OF MODULE INFORMATION.


C51 COMPILATION COMPLETE.  0 WARNING(S),  0 ERROR(S)
