A51 MACRO ASSEMBLER  DIVISION                                                             07/22/2024 15:02:26 PAGE     1


MACRO ASSEMBLER A51 V8.2.7.0
OBJECT MODULE PLACED IN .\Objects\Division.obj
ASSEMBLER INVOKED BY: C:\Games\Keil_V5\C51\BIN\A51.EXE Programs\15.7.24\Division.asm SET(SMALL) DEBUG PRINT(.\Listings\D
                      ivision.lst) OBJECT(.\Objects\Division.obj) EP

LOC  OBJ            LINE     SOURCE

0000                   1     org 00H
0000 7405              2     MOV A, #05H
0002 75F003            3     MOV B, #03H
0005 84                4     DIV AB
0006 F590              5     MOV P1,A
                       6     END
A51 MACRO ASSEMBLER  DIVISION                                                             07/22/2024 15:02:26 PAGE     2

SYMBOL TABLE LISTING
------ ----- -------


N A M E             T Y P E  V A L U E   ATTRIBUTES

B. . . . . . . . .  D ADDR   00F0H   A   
P1 . . . . . . . .  D ADDR   0090H   A   


REGISTER BANK(S) USED: 0 


ASSEMBLY COMPLETE.  0 WARNING(S), 0 ERROR(S)
